[2025-11-16 12:06:52] Starting runPython.sh
[2025-11-16 12:06:52] Creating virtual environment at /Users/millionairemacmillionairemac/Developer/gallardo-automated-content-pipeline/venv
[2025-11-16 12:06:56] Activating virtual environment
[2025-11-16 12:06:56] Upgrading pip
[2025-11-16 12:06:59] Installing dependencies from requirements.txt
[2025-11-16 12:07:07] Running sheet.py
[2025-11-16 12:16:14] sheet.py completed successfully
[2025-11-16 12:16:14] Finished runPython.sh
[2025-11-16 12:50:25] Starting runPython.sh
[2025-11-16 12:50:25] Activating virtual environment
[2025-11-16 12:50:25] Upgrading pip
[2025-11-16 12:50:26] Installing dependencies from requirements.txt
[2025-11-16 12:50:26] Running sheet.py
[2025-11-16 12:50:30] sheet.py completed successfully
[2025-11-16 12:50:30] Finished runPython.sh
[2025-11-16 15:35:39] Starting runPython.sh
[2025-11-16 15:35:39] Activating virtual environment
[2025-11-16 15:35:39] Upgrading pip
[2025-11-16 15:35:40] Installing dependencies from requirements.txt
[2025-11-16 15:35:41] Running sheet.py
[2025-11-16 15:35:45] sheet.py completed successfully
[2025-11-16 15:35:45] Finished runPython.sh
[2025-11-16 15:35:56] Starting runPython.sh
[2025-11-16 15:35:56] Activating virtual environment
[2025-11-16 15:35:56] Upgrading pip
[2025-11-16 15:35:56] Installing dependencies from requirements.txt
[2025-11-16 15:35:57] Running sheet.py
[2025-11-16 15:42:51] Starting runPython.sh
[2025-11-16 15:42:51] Activating virtual environment
[2025-11-16 15:42:51] Upgrading pip
[2025-11-16 15:42:52] Installing dependencies from requirements.txt
[2025-11-16 15:42:52] Running sheet.py
[2025-11-16 15:46:00] Starting runPython.sh
[2025-11-16 15:46:00] Activating virtual environment
[2025-11-16 15:46:00] Upgrading pip
[2025-11-16 15:46:01] Installing dependencies from requirements.txt
[2025-11-16 15:46:01] Running sheet.py
[2025-11-16 15:52:15] Starting runPython.sh
[2025-11-16 15:52:15] Activating virtual environment
[2025-11-16 15:52:15] Upgrading pip
[2025-11-16 15:52:15] Installing dependencies from requirements.txt
[2025-11-16 15:52:16] Running sheet.py
[2025-11-16 15:59:09] sheet.py completed successfully
[2025-11-16 15:59:09] Finished runPython.sh
[2025-11-16 16:02:45] Starting runPython.sh
[2025-11-16 16:02:45] Using GALLARDO_FONT_SIZE_PERCENT=0.18
[2025-11-16 16:02:45] Activating virtual environment
[2025-11-16 16:02:45] Upgrading pip
[2025-11-16 16:02:46] Installing dependencies from requirements.txt
[2025-11-16 16:02:46] Running sheet.py
[2025-11-16 16:07:12] Starting runPython.sh
[2025-11-16 16:07:12] Using GALLARDO_FONT_SIZE_PERCENT=0.18
[2025-11-16 16:07:12] Activating virtual environment
[2025-11-16 16:07:12] Upgrading pip
[2025-11-16 16:07:13] Installing dependencies from requirements.txt
[2025-11-16 16:07:13] Running sheet.py
[2025-11-16 16:13:45] sheet.py completed successfully
[2025-11-16 16:13:45] Finished runPython.sh
